Copyright 1986-2018 Xilinx, Inc. All Rights Reserved.
-------------------------------------------------------------------------------------
| Tool Version : Vivado v.2018.2 (win64) Build 2258646 Thu Jun 14 20:03:12 MDT 2018
| Date         : Thu Oct 11 12:12:32 2018
| Host         : DESKTOP-GTSVVT5 running 64-bit major release  (build 9200)
| Command      : report_control_sets -verbose -file main_ale_control_sets_placed.rpt
| Design       : main_ale
| Device       : xc7a35t
-------------------------------------------------------------------------------------

Control Set Information

Table of Contents
-----------------
1. Summary
2. Histogram
3. Flip-Flop Distribution
4. Detailed Control Set Information

1. Summary
----------

+----------------------------------------------------------+-------+
|                          Status                          | Count |
+----------------------------------------------------------+-------+
| Number of unique control sets                            |    11 |
| Unused register locations in slices containing registers |    34 |
+----------------------------------------------------------+-------+


2. Histogram
------------

+--------+--------------+
| Fanout | Control Sets |
+--------+--------------+
|      8 |            4 |
|     12 |            1 |
|    16+ |            6 |
+--------+--------------+


3. Flip-Flop Distribution
-------------------------

+--------------+-----------------------+------------------------+-----------------+--------------+
| Clock Enable | Synchronous Set/Reset | Asynchronous Set/Reset | Total Registers | Total Slices |
+--------------+-----------------------+------------------------+-----------------+--------------+
| No           | No                    | No                     |              82 |           20 |
| No           | No                    | Yes                    |               0 |            0 |
| No           | Yes                   | No                     |             272 |           38 |
| Yes          | No                    | No                     |              28 |            4 |
| Yes          | No                    | Yes                    |               0 |            0 |
| Yes          | Yes                   | No                     |               0 |            0 |
+--------------+-----------------------+------------------------+-----------------+--------------+


4. Detailed Control Set Information
-----------------------------------

+----------------+---------------------------------+---------------------------------------+------------------+----------------+
|  Clock Signal  |          Enable Signal          |            Set/Reset Signal           | Slice Load Count | Bel Load Count |
+----------------+---------------------------------+---------------------------------------+------------------+----------------+
|  clk_IBUF_BUFG |                                 | nolabel_line78/SR[0]                  |                2 |              8 |
|  clk_IBUF_BUFG |                                 | nolabel_line79/el_pull_2_reg[3][0]    |                1 |              8 |
|  clk_IBUF_BUFG | nolabel_line72/btns[15]_i_1_n_0 |                                       |                1 |              8 |
|  clk_IBUF_BUFG | nolabel_line72/btns[11]_i_1_n_0 |                                       |                1 |              8 |
|  clk_IBUF_BUFG | nolabel_line68/E[0]             |                                       |                2 |             12 |
|  clk_IBUF_BUFG |                                 | nolabel_line115/clear                 |                5 |             34 |
|  clk_IBUF_BUFG |                                 | nolabel_line69/clear                  |                6 |             48 |
|  clk_IBUF_BUFG |                                 | nolabel_line85/counter[28]_i_1_n_0    |                8 |             58 |
|  clk_IBUF_BUFG |                                 | nolabel_line86/counter[28]_i_1__0_n_0 |                8 |             58 |
|  clk_IBUF_BUFG |                                 | nolabel_line68/clear                  |                8 |             58 |
|  clk_IBUF_BUFG |                                 |                                       |               20 |             82 |
+----------------+---------------------------------+---------------------------------------+------------------+----------------+


